// Jest Snapshot v1, https://goo.gl/fbAQLP

exports[`<Button /> should render the button 1`] = `
<button>
  React Avançado
</button>
`;

exports[`<Button /> should render the button correctly 1`] = `
<button>
  React Avançado
</button>
`;
